// Vitest Snapshot v1, https://vitest.dev/guide/snapshot.html

exports[`build > should generate icons 1`] = `undefined`;
